#-----------------------------------------------------------
# Vivado v2024.2.2 (64-bit)
# SW Build 6060944 on Thu Mar 06 19:10:09 MST 2025
# IP Build 6050500 on Thu Mar  6 23:33:39 MST 2025
# SharedData Build 6060542 on Thu Mar 06 10:31:07 MST 2025
# Start of session at: Fri Oct 17 01:55:22 2025
# Process ID         : 51467
# Current directory  : /home/pdietz/Desktop/FPGA/repo/lab1/shiftleds/shiftleds.runs/impl_1
# Command line       : vivado -log shiftleds_muxVioIla.vdi -applog -product Vivado -messageDb vivado.pb -mode batch -source shiftleds_muxVioIla.tcl -notrace
# Log file           : /home/pdietz/Desktop/FPGA/repo/lab1/shiftleds/shiftleds.runs/impl_1/shiftleds_muxVioIla.vdi
# Journal file       : /home/pdietz/Desktop/FPGA/repo/lab1/shiftleds/shiftleds.runs/impl_1/vivado.jou
# Running On         : pop-os
# Platform           : Pop
# Operating System   : Pop!_OS 22.04 LTS
# Processor Detail   : Intel(R) Core(TM) i5-7200U CPU @ 2.50GHz
# CPU Frequency      : 2500.013 MHz
# CPU Physical cores : 2
# CPU Logical cores  : 4
# Host memory        : 16516 MB
# Swap memory        : 20810 MB
# Total Virtual      : 37326 MB
# Available Virtual  : 30062 MB
#-----------------------------------------------------------
source shiftleds_muxVioIla.tcl -notrace
